["As expected!", "I expected difficulties.", "Casualties are expected."]